env: load .env
env: export EXPO_PUBLIC_API_URL EXPO_PUBLIC_GOOGLE_MAPS_API_KEY EXPO_PUBLIC_GOOGLE_IOS_CLIENT_ID EXPO_PUBLIC_GOOGLE_ANDROID_CLIENT_ID EXPO_PUBLIC_GOOGLE_WEB_CLIENT_ID
Starting project at F:\Postervia\novaku-app
Starting Metro Bundler
Waiting on http://localhost:8199
Logs for your project will appear below.
Web .\index.ts ░░░░░░░░░░░░░░░░  0.0% (0/1)
Web .\index.ts ▓▓▓▓▓░░░░░░░░░░░ 35.0% (425/718)
Web .\index.ts ░░░░░░░░░░░░░░░░  0.0% (0/1)
Web .\index.ts ▓▓▓▓▓▓▓▓▓░░░░░░░ 58.0% ( 896/1191)
Web .\index.ts ░░░░░░░░░░░░░░░░  0.0% (0/1)
Web .\index.ts ▓▓▓▓▓▓▓▓▓▓▓▓▓░░░ 86.1% (1515/1644)
Web .\index.ts ░░░░░░░░░░░░░░░░  0.0% (0/1)
Web .\index.ts ▓▓▓▓▓▓▓▓▓▓▓▓▓▓▓░ 99.9% (2094/2095)
Web .\index.ts ░░░░░░░░░░░░░░░░  0.0% (0/1)
Web Bundled 17426ms index.ts (2095 modules)
Web Bundled 17503ms index.ts (1 module)
 LOG  [web] Logs will appear in the browser console
 LOG  [web] Logs will appear in the browser console
Web .\index.ts ░░░░░░░░░░░░░░░░  0.0% (0/1)
Web Bundled 102ms index.ts (1 module)
 LOG  [web] Logs will appear in the browser console
